// Jest Snapshot v1, https://goo.gl/fbAQLP

exports[`renders correctly 1`] = `
Array [
  <li
    className="MuiListItem-root MuiListItem-gutters"
    disabled={false}
  >
    <span
      aria-disabled={false}
      className="MuiButtonBase-root MuiIconButton-root MuiIconButton-colorPrimary PrivateSwitchBase-root-21 MuiCheckbox-root MuiCheckbox-colorPrimary"
      onBlur={[Function]}
      onFocus={[Function]}
      onKeyDown={[Function]}
      onKeyUp={[Function]}
      onMouseDown={[Function]}
      onMouseLeave={[Function]}
      onMouseUp={[Function]}
      onTouchEnd={[Function]}
      onTouchMove={[Function]}
      onTouchStart={[Function]}
      tabIndex={null}
    >
      <span
        className="MuiIconButton-label"
      >
        <svg
          aria-hidden="true"
          className="MuiSvgIcon-root"
          focusable="false"
          role="presentation"
          viewBox="0 0 24 24"
        >
          <path
            d="M19 5v14H5V5h14m0-2H5c-1.1 0-2 .9-2 2v14c0 1.1.9 2 2 2h14c1.1 0 2-.9 2-2V5c0-1.1-.9-2-2-2z"
          />
        </svg>
        <input
          checked={false}
          className="PrivateSwitchBase-input-24"
          data-indeterminate={false}
          onChange={[Function]}
          type="checkbox"
        />
      </span>
    </span>
    <div
      className="MuiListItemText-root"
    >
      <span
        className="MuiTypography-root MuiTypography-body1 MuiListItemText-primary"
      >
        ONE
      </span>
    </div>
    <button
      className="MuiButtonBase-root MuiButton-root makeStyles-button-1 MuiButton-containedSecondary MuiButton-contained"
      disabled={false}
      onBlur={[Function]}
      onClick={[Function]}
      onFocus={[Function]}
      onKeyDown={[Function]}
      onKeyUp={[Function]}
      onMouseDown={[Function]}
      onMouseLeave={[Function]}
      onMouseUp={[Function]}
      onTouchEnd={[Function]}
      onTouchMove={[Function]}
      onTouchStart={[Function]}
      tabIndex={0}
      type="button"
    >
      <span
        className="MuiButton-label"
      >
        Delete
        <svg
          aria-hidden="true"
          className="MuiSvgIcon-root makeStyles-rightIcon-2"
          focusable="false"
          role="presentation"
          viewBox="0 0 24 24"
        >
          <path
            d="M6 19c0 1.1.9 2 2 2h8c1.1 0 2-.9 2-2V7H6v12zM19 4h-3.5l-1-1h-5l-1 1H5v2h14V4z"
          />
          <path
            d="M0 0h24v24H0z"
            fill="none"
          />
        </svg>
      </span>
    </button>
  </li>,
  <hr
    className="MuiDivider-root"
  />,
]
`;
