// Jest Snapshot v1, https://goo.gl/fbAQLP

exports[`renders correctly 1`] = `
<ul
  className="MuiList-root MuiList-padding makeStyles-root-1"
/>
`;
